// Jest Snapshot v1, https://goo.gl/fbAQLP

exports[`App snapshot test 1`] = `
<View
  style={
    {
      "marginTop": 50,
    }
  }
>
  <View>
    <Text>
      Product Screen
    </Text>
  </View>
</View>
`;
