// Jest Snapshot v1, https://goo.gl/fbAQLP

exports[`App snapshot test 1`] = `
<View>
  <Text>
    No shopping lists saved yet.
  </Text>
</View>
`;
